Info: Starting: Create HDL design files for synthesis
Info: qsys-generate C:\Users\iioanno\Documents\SISTEMAS_INTEGRADOS_DIGITALES\DE1_SoC_Media_Computer\nios_system.qsys --synthesis=VERILOG --output-directory=C:\Users\iioanno\Documents\SISTEMAS_INTEGRADOS_DIGITALES\DE1_SoC_Media_Computer\nios_system\synthesis --family="Cyclone V" --part=5CSEMA5F31C6
Progress: Loading DE1_SoC_Media_Computer/nios_system.qsys
Progress: Reading input file
Progress: Adding HEX2_HEX0 [altera_up_avalon_parallel_port 17.1]
Progress: Parameterizing module HEX2_HEX0
Progress: Adding HEX5_HEX3 [altera_up_avalon_parallel_port 17.1]
Progress: Parameterizing module HEX5_HEX3
Progress: Adding alpha_blending [altera_up_avalon_video_alpha_blender 17.1]
Progress: Parameterizing module alpha_blending
Progress: Adding audio [altera_up_avalon_audio 17.1]
Progress: Parameterizing module audio
Progress: Adding audio_clk [altera_clock_bridge 17.1]
Progress: Parameterizing module audio_clk
Progress: Adding audio_config [altera_up_avalon_audio_and_video_config 17.1]
Progress: Parameterizing module audio_config
Progress: Adding audio_pll [altera_up_avalon_audio_pll 17.1]
Progress: Parameterizing module audio_pll
Progress: Adding clk_50 [clock_source 17.1]
Progress: Parameterizing module clk_50
Progress: Adding clk_50_2 [clock_source 17.1]
Progress: Parameterizing module clk_50_2
Progress: Adding clk_50_3 [clock_source 17.1]
Progress: Parameterizing module clk_50_3
Progress: Adding cpu [altera_nios2_gen2 17.1]
Progress: Parameterizing module cpu
Progress: Adding jtag_uart [altera_avalon_jtag_uart 17.1]
Progress: Parameterizing module jtag_uart
Progress: Adding mtl_clk [altera_clock_bridge 17.1]
Progress: Parameterizing module mtl_clk
Progress: Adding onchip_memory2_0 [altera_avalon_onchip_memory2 17.1]
Progress: Parameterizing module onchip_memory2_0
Progress: Adding performance_counter [altera_avalon_performance_counter 17.1]
Progress: Parameterizing module performance_counter
Progress: Adding ps2_key [altera_up_avalon_ps2 17.1]
Progress: Parameterizing module ps2_key
Progress: Adding ps2_mouse [altera_up_avalon_ps2 17.1]
Progress: Parameterizing module ps2_mouse
Progress: Adding pushbuttons [altera_up_avalon_parallel_port 17.1]
Progress: Parameterizing module pushbuttons
Progress: Adding red_leds [altera_up_avalon_parallel_port 17.1]
Progress: Parameterizing module red_leds
Progress: Adding reset_bridge [altera_reset_bridge 17.1]
Progress: Parameterizing module reset_bridge
Progress: Adding sdram [altera_avalon_new_sdram_controller 17.1]
Progress: Parameterizing module sdram
Progress: Adding sdram_clk [altera_clock_bridge 17.1]
Progress: Parameterizing module sdram_clk
Progress: Adding switches [altera_up_avalon_parallel_port 17.1]
Progress: Parameterizing module switches
Progress: Adding sys_clk [altera_clock_bridge 17.1]
Progress: Parameterizing module sys_clk
Progress: Adding sys_sdram_pl [altera_up_avalon_sys_sdram_pll 17.1]
Progress: Parameterizing module sys_sdram_pl
Progress: Adding sysid [altera_avalon_sysid_qsys 17.1]
Progress: Parameterizing module sysid
Progress: Adding timer [altera_avalon_timer 17.1]
Progress: Parameterizing module timer
Progress: Adding vga_clk [altera_clock_bridge 17.1]
Progress: Parameterizing module vga_clk
Progress: Adding video_buffer [altera_up_avalon_video_dual_clock_buffer 17.1]
Progress: Parameterizing module video_buffer
Progress: Adding video_char_buffer [altera_up_avalon_video_character_buffer_with_dma 17.1]
Progress: Parameterizing module video_char_buffer
Progress: Adding video_controller [altera_up_avalon_video_vga_controller 17.1]
Progress: Parameterizing module video_controller
Progress: Adding video_dual_clock_buffer [altera_up_avalon_video_dual_clock_buffer 17.1]
Progress: Parameterizing module video_dual_clock_buffer
Progress: Adding video_pixel_buffer_dma [altera_up_avalon_video_dma_controller 17.1]
Progress: Parameterizing module video_pixel_buffer_dma
Progress: Adding video_pll [altera_up_avalon_video_pll 17.1]
Progress: Parameterizing module video_pll
Progress: Adding video_rgb_resampler [altera_up_avalon_video_rgb_resampler 17.1]
Progress: Parameterizing module video_rgb_resampler
Progress: Adding video_scaler [altera_up_avalon_video_scaler 17.1]
Progress: Parameterizing module video_scaler
Progress: Building connections
Progress: Parameterizing connections
Progress: Validating
Progress: Done reading input file
Info: nios_system.HEX2_HEX0: The board you selected is DE1-SoC display
Info: nios_system.HEX2_HEX0: The Parallel Port is now deprecated. The PIO component (Processor and Peripherals/Peripherals/PIO) should be used instead.
Info: nios_system.HEX5_HEX3: The board you selected is DE1-SoC display
Info: nios_system.HEX5_HEX3: The Parallel Port is now deprecated. The PIO component (Processor and Peripherals/Peripherals/PIO) should be used instead.
Info: nios_system.jtag_uart: JTAG UART IP input clock need to be at least double (2x) the operating frequency of JTAG TCK on board
Info: nios_system.pushbuttons: The Parallel Port is now deprecated. The PIO component (Processor and Peripherals/Peripherals/PIO) should be used instead.
Info: nios_system.red_leds: The Parallel Port is now deprecated. The PIO component (Processor and Peripherals/Peripherals/PIO) should be used instead.
Info: nios_system.sdram: SDRAM Controller will only be supported in Quartus Prime Standard Edition in the future release.
Info: nios_system.switches: The Parallel Port is now deprecated. The PIO component (Processor and Peripherals/Peripherals/PIO) should be used instead.
Info: nios_system.sys_sdram_pl: Refclk Freq: 50.0
Info: nios_system.sysid: System ID is not assigned automatically. Edit the System ID parameter to provide a unique ID
Info: nios_system.sysid: Time stamp will be automatically updated when this component is generated.
Info: nios_system.video_char_buffer: Character Resolution: 80 x 60
Info: nios_system.video_controller: Video Output Stream: Format: 640 x 480 with Color: 10 (bits) x 3 (planes) converted to 8 (bits) per color plane
Info: nios_system.video_rgb_resampler: RGB Resampling: 16 (bits) x 1 (planes) -> 10 (bits) x 3 (planes)
Info: nios_system.video_scaler: Change in Resolution: 320 x 240 -> 640 x 480
Info: nios_system.video_scaler.avalon_scaler_source/alpha_blending.avalon_background_sink: The source has a channel signal of 2 bits, but the sink does not. Avalon-ST Adapter will be inserted.
Info: nios_system: Generating nios_system "nios_system" for QUARTUS_SYNTH
Info: avalon_st_adapter: Inserting channel_adapter: channel_adapter_0
Info: HEX2_HEX0: Starting Generation of Parallel Port
Info: HEX2_HEX0: "nios_system" instantiated altera_up_avalon_parallel_port "HEX2_HEX0"
Info: HEX5_HEX3: Starting Generation of Parallel Port
Info: HEX5_HEX3: "nios_system" instantiated altera_up_avalon_parallel_port "HEX5_HEX3"
Info: alpha_blending: Starting Generation of the Alpha Blender
Info: alpha_blending: "nios_system" instantiated altera_up_avalon_video_alpha_blender "alpha_blending"
Info: audio: Starting Generation of Audio Controller
Info: audio: "nios_system" instantiated altera_up_avalon_audio "audio"
Info: audio_config: Starting Generation of Audio and Video Config
Info: audio_config: "nios_system" instantiated altera_up_avalon_audio_and_video_config "audio_config"
Info: audio_pll: "nios_system" instantiated altera_up_avalon_audio_pll "audio_pll"
Info: cpu: "nios_system" instantiated altera_nios2_gen2 "cpu"
Info: jtag_uart: Starting RTL generation for module 'nios_system_jtag_uart'
Info: jtag_uart:   Generation command is [exec C:/intelfpga/17.1/quartus/bin64/perl/bin/perl.exe -I C:/intelfpga/17.1/quartus/bin64/perl/lib -I C:/intelfpga/17.1/quartus/sopc_builder/bin/europa -I C:/intelfpga/17.1/quartus/sopc_builder/bin/perl_lib -I C:/intelfpga/17.1/quartus/sopc_builder/bin -I C:/intelfpga/17.1/quartus/../ip/altera/sopc_builder_ip/common -I C:/intelfpga/17.1/quartus/../ip/altera/sopc_builder_ip/altera_avalon_jtag_uart -- C:/intelfpga/17.1/quartus/../ip/altera/sopc_builder_ip/altera_avalon_jtag_uart/generate_rtl.pl --name=nios_system_jtag_uart --dir=C:/Users/iioanno/AppData/Local/Temp/alt0507_2319940262950826510.dir/0007_jtag_uart_gen/ --quartus_dir=C:/intelfpga/17.1/quartus --verilog --config=C:/Users/iioanno/AppData/Local/Temp/alt0507_2319940262950826510.dir/0007_jtag_uart_gen//nios_system_jtag_uart_component_configuration.pl  --do_build_sim=0  ]
Info: jtag_uart: Done RTL generation for module 'nios_system_jtag_uart'
Info: jtag_uart: "nios_system" instantiated altera_avalon_jtag_uart "jtag_uart"
Info: onchip_memory2_0: Starting RTL generation for module 'nios_system_onchip_memory2_0'
Info: onchip_memory2_0:   Generation command is [exec C:/intelfpga/17.1/quartus/bin64/perl/bin/perl.exe -I C:/intelfpga/17.1/quartus/bin64/perl/lib -I C:/intelfpga/17.1/quartus/sopc_builder/bin/europa -I C:/intelfpga/17.1/quartus/sopc_builder/bin/perl_lib -I C:/intelfpga/17.1/quartus/sopc_builder/bin -I C:/intelfpga/17.1/quartus/../ip/altera/sopc_builder_ip/common -I C:/intelfpga/17.1/quartus/../ip/altera/sopc_builder_ip/altera_avalon_onchip_memory2 -- C:/intelfpga/17.1/quartus/../ip/altera/sopc_builder_ip/altera_avalon_onchip_memory2/generate_rtl.pl --name=nios_system_onchip_memory2_0 --dir=C:/Users/iioanno/AppData/Local/Temp/alt0507_2319940262950826510.dir/0008_onchip_memory2_0_gen/ --quartus_dir=C:/intelfpga/17.1/quartus --verilog --config=C:/Users/iioanno/AppData/Local/Temp/alt0507_2319940262950826510.dir/0008_onchip_memory2_0_gen//nios_system_onchip_memory2_0_component_configuration.pl  --do_build_sim=0  ]
Info: onchip_memory2_0: Done RTL generation for module 'nios_system_onchip_memory2_0'
Info: onchip_memory2_0: "nios_system" instantiated altera_avalon_onchip_memory2 "onchip_memory2_0"
Info: performance_counter: Starting RTL generation for module 'nios_system_performance_counter'
Info: performance_counter:   Generation command is [exec C:/intelfpga/17.1/quartus/bin64/perl/bin/perl.exe -I C:/intelfpga/17.1/quartus/bin64/perl/lib -I C:/intelfpga/17.1/quartus/sopc_builder/bin/europa -I C:/intelfpga/17.1/quartus/sopc_builder/bin/perl_lib -I C:/intelfpga/17.1/quartus/sopc_builder/bin -I C:/intelfpga/17.1/quartus/../ip/altera/sopc_builder_ip/common -I C:/intelfpga/17.1/quartus/../ip/altera/sopc_builder_ip/altera_avalon_performance_counter -- C:/intelfpga/17.1/quartus/../ip/altera/sopc_builder_ip/altera_avalon_performance_counter/generate_rtl.pl --name=nios_system_performance_counter --dir=C:/Users/iioanno/AppData/Local/Temp/alt0507_2319940262950826510.dir/0009_performance_counter_gen/ --quartus_dir=C:/intelfpga/17.1/quartus --verilog --config=C:/Users/iioanno/AppData/Local/Temp/alt0507_2319940262950826510.dir/0009_performance_counter_gen//nios_system_performance_counter_component_configuration.pl  --do_build_sim=0  ]
Info: performance_counter: Done RTL generation for module 'nios_system_performance_counter'
Info: performance_counter: "nios_system" instantiated altera_avalon_performance_counter "performance_counter"
Info: ps2_key: Starting Generation of PS2 Controller
Info: ps2_key: "nios_system" instantiated altera_up_avalon_ps2 "ps2_key"
Info: pushbuttons: Starting Generation of Parallel Port
Info: pushbuttons: "nios_system" instantiated altera_up_avalon_parallel_port "pushbuttons"
Info: red_leds: Starting Generation of Parallel Port
Info: red_leds: "nios_system" instantiated altera_up_avalon_parallel_port "red_leds"
Info: sdram: Starting RTL generation for module 'nios_system_sdram'
Info: sdram:   Generation command is [exec C:/intelfpga/17.1/quartus/bin64/perl/bin/perl.exe -I C:/intelfpga/17.1/quartus/bin64/perl/lib -I C:/intelfpga/17.1/quartus/sopc_builder/bin/europa -I C:/intelfpga/17.1/quartus/sopc_builder/bin/perl_lib -I C:/intelfpga/17.1/quartus/sopc_builder/bin -I C:/intelfpga/17.1/quartus/../ip/altera/sopc_builder_ip/common -I C:/intelfpga/17.1/quartus/../ip/altera/sopc_builder_ip/altera_avalon_new_sdram_controller -- C:/intelfpga/17.1/quartus/../ip/altera/sopc_builder_ip/altera_avalon_new_sdram_controller/generate_rtl.pl --name=nios_system_sdram --dir=C:/Users/iioanno/AppData/Local/Temp/alt0507_2319940262950826510.dir/0013_sdram_gen/ --quartus_dir=C:/intelfpga/17.1/quartus --verilog --config=C:/Users/iioanno/AppData/Local/Temp/alt0507_2319940262950826510.dir/0013_sdram_gen//nios_system_sdram_component_configuration.pl  --do_build_sim=0  ]
Info: sdram: Done RTL generation for module 'nios_system_sdram'
Info: sdram: "nios_system" instantiated altera_avalon_new_sdram_controller "sdram"
Info: switches: Starting Generation of Parallel Port
Info: switches: "nios_system" instantiated altera_up_avalon_parallel_port "switches"
Info: sys_sdram_pl: "nios_system" instantiated altera_up_avalon_sys_sdram_pll "sys_sdram_pl"
Info: sysid: "nios_system" instantiated altera_avalon_sysid_qsys "sysid"
Info: timer: Starting RTL generation for module 'nios_system_timer'
Info: timer:   Generation command is [exec C:/intelFPGA/17.1/quartus/bin64//perl/bin/perl.exe -I C:/intelFPGA/17.1/quartus/bin64//perl/lib -I C:/intelfpga/17.1/quartus/sopc_builder/bin/europa -I C:/intelfpga/17.1/quartus/sopc_builder/bin/perl_lib -I C:/intelfpga/17.1/quartus/sopc_builder/bin -I C:/intelfpga/17.1/quartus/../ip/altera/sopc_builder_ip/common -I C:/intelfpga/17.1/quartus/../ip/altera/sopc_builder_ip/altera_avalon_timer -- C:/intelfpga/17.1/quartus/../ip/altera/sopc_builder_ip/altera_avalon_timer/generate_rtl.pl --name=nios_system_timer --dir=C:/Users/iioanno/AppData/Local/Temp/alt0507_2319940262950826510.dir/0016_timer_gen/ --quartus_dir=C:/intelfpga/17.1/quartus --verilog --config=C:/Users/iioanno/AppData/Local/Temp/alt0507_2319940262950826510.dir/0016_timer_gen//nios_system_timer_component_configuration.pl  --do_build_sim=0  ]
Info: timer: Done RTL generation for module 'nios_system_timer'
Info: timer: "nios_system" instantiated altera_avalon_timer "timer"
Info: video_buffer: Starting Generation of the Dual Clock Buffer
Info: video_buffer: "nios_system" instantiated altera_up_avalon_video_dual_clock_buffer "video_buffer"
Info: video_char_buffer: Starting Generation of Character Buffer
Info: video_char_buffer: "nios_system" instantiated altera_up_avalon_video_character_buffer_with_dma "video_char_buffer"
Info: video_controller: Starting Generation of VGA Controller
Info: video_controller: "nios_system" instantiated altera_up_avalon_video_vga_controller "video_controller"
Info: video_dual_clock_buffer: Starting Generation of the Dual Clock Buffer
Info: video_dual_clock_buffer: "nios_system" instantiated altera_up_avalon_video_dual_clock_buffer "video_dual_clock_buffer"
Info: video_pixel_buffer_dma: Starting Generation of Video DMA Controller
Info: video_pixel_buffer_dma: "nios_system" instantiated altera_up_avalon_video_dma_controller "video_pixel_buffer_dma"
Info: video_pll: "nios_system" instantiated altera_up_avalon_video_pll "video_pll"
Info: video_rgb_resampler: Starting Generation of Video RGB Resampler
Info: video_rgb_resampler: "nios_system" instantiated altera_up_avalon_video_rgb_resampler "video_rgb_resampler"
Info: video_scaler: Starting Generation of Video Scaler
Info: video_scaler: "nios_system" instantiated altera_up_avalon_video_scaler "video_scaler"
Info: avalon_st_adapter: Inserting error_adapter: error_adapter_0
Info: avalon_st_adapter_001: Inserting error_adapter: error_adapter_0
Info: avalon_st_adapter_002: Inserting error_adapter: error_adapter_0
Info: avalon_st_adapter_003: Inserting error_adapter: error_adapter_0
Info: avalon_st_adapter_004: Inserting error_adapter: error_adapter_0
Info: avalon_st_adapter_005: Inserting error_adapter: error_adapter_0
Info: avalon_st_adapter_006: Inserting error_adapter: error_adapter_0
Info: avalon_st_adapter_007: Inserting error_adapter: error_adapter_0
Info: avalon_st_adapter_008: Inserting error_adapter: error_adapter_0
Info: avalon_st_adapter_009: Inserting error_adapter: error_adapter_0
Info: avalon_st_adapter_010: Inserting error_adapter: error_adapter_0
Info: avalon_st_adapter_011: Inserting error_adapter: error_adapter_0
Info: avalon_st_adapter_012: Inserting error_adapter: error_adapter_0
Info: avalon_st_adapter_013: Inserting error_adapter: error_adapter_0
Info: avalon_st_adapter_014: Inserting error_adapter: error_adapter_0
Info: avalon_st_adapter_015: Inserting error_adapter: error_adapter_0
Info: avalon_st_adapter_016: Inserting error_adapter: error_adapter_0
Info: avalon_st_adapter_017: Inserting error_adapter: error_adapter_0
Info: avalon_st_adapter_018: Inserting error_adapter: error_adapter_0
Info: mm_interconnect_0: "nios_system" instantiated altera_mm_interconnect "mm_interconnect_0"
Info: irq_mapper: "nios_system" instantiated altera_irq_mapper "irq_mapper"
Info: avalon_st_adapter: "nios_system" instantiated altera_avalon_st_adapter "avalon_st_adapter"
Info: rst_controller: "nios_system" instantiated altera_reset_controller "rst_controller"
Info: audio_pll: "audio_pll" instantiated altera_pll "audio_pll"
Info: reset_from_locked: "audio_pll" instantiated altera_up_avalon_reset_from_locked_signal "reset_from_locked"
Info: cpu: Starting RTL generation for module 'nios_system_cpu_cpu'
Info: cpu:   Generation command is [exec C:/intelFPGA/17.1/quartus/bin64//eperlcmd.exe -I C:/intelFPGA/17.1/quartus/bin64//perl/lib -I C:/intelfpga/17.1/quartus/sopc_builder/bin/europa -I C:/intelfpga/17.1/quartus/sopc_builder/bin/perl_lib -I C:/intelfpga/17.1/quartus/sopc_builder/bin -I C:/intelfpga/17.1/quartus/../ip/altera/nios2_ip/altera_nios2_gen2/cpu_lib -I C:/intelfpga/17.1/quartus/../ip/altera/nios2_ip/altera_nios2_gen2/nios_lib -I C:/intelfpga/17.1/quartus/../ip/altera/nios2_ip/altera_nios2_gen2 -I C:/intelfpga/17.1/quartus/../ip/altera/nios2_ip/altera_nios2_gen2 -- C:/intelfpga/17.1/quartus/../ip/altera/nios2_ip/altera_nios2_gen2/generate_rtl.epl --name=nios_system_cpu_cpu --dir=C:/Users/iioanno/AppData/Local/Temp/alt0507_2319940262950826510.dir/0028_cpu_gen/ --quartus_bindir=C:/intelFPGA/17.1/quartus/bin64/ --verilog --config=C:/Users/iioanno/AppData/Local/Temp/alt0507_2319940262950826510.dir/0028_cpu_gen//nios_system_cpu_cpu_processor_configuration.pl  --do_build_sim=0  ]
Info: cpu: # 2026.02.23 12:18:18 (*) Starting Nios II generation
Info: cpu: # 2026.02.23 12:18:18 (*)   Checking for plaintext license.
Info: cpu: # 2026.02.23 12:18:20 (*)   Couldn't query license setup in Quartus directory C:/intelFPGA/17.1/quartus/bin64/
Info: cpu: # 2026.02.23 12:18:20 (*)   Defaulting to contents of LM_LICENSE_FILE environment variable
Info: cpu: # 2026.02.23 12:18:21 (*)   Plaintext license not found.
Info: cpu: # 2026.02.23 12:18:21 (*)   Checking for encrypted license (non-evaluation).
Info: cpu: # 2026.02.23 12:18:21 (*)   Couldn't query license setup in Quartus directory C:/intelFPGA/17.1/quartus/bin64/
Info: cpu: # 2026.02.23 12:18:21 (*)   Defaulting to contents of LM_LICENSE_FILE environment variable
Info: cpu: # 2026.02.23 12:18:21 (*)   Encrypted license found.  SOF will not be time-limited.
Info: cpu: # 2026.02.23 12:18:21 (*)   Elaborating CPU configuration settings
Info: cpu: # 2026.02.23 12:18:21 (*)   Creating all objects for CPU
Info: cpu: # 2026.02.23 12:18:21 (*)     Testbench
Info: cpu: # 2026.02.23 12:18:22 (*)     Instruction decoding
Info: cpu: # 2026.02.23 12:18:22 (*)       Instruction fields
Info: cpu: # 2026.02.23 12:18:22 (*)       Instruction decodes
Info: cpu: # 2026.02.23 12:18:22 (*)       Signals for RTL simulation waveforms
Info: cpu: # 2026.02.23 12:18:22 (*)       Instruction controls
Info: cpu: # 2026.02.23 12:18:22 (*)     Pipeline frontend
Info: cpu: # 2026.02.23 12:18:22 (*)     Pipeline backend
Info: cpu: # 2026.02.23 12:18:23 (*)   Generating RTL from CPU objects
Info: cpu: # 2026.02.23 12:18:24 (*)   Creating encrypted RTL
Info: cpu: # 2026.02.23 12:18:24 (*) Done Nios II generation
Info: cpu: Done RTL generation for module 'nios_system_cpu_cpu'
Info: cpu: "cpu" instantiated altera_nios2_gen2_unit "cpu"
Info: sys_pll: "sys_sdram_pl" instantiated altera_pll "sys_pll"
Info: video_pll: "video_pll" instantiated altera_pll "video_pll"
Info: video_pixel_buffer_dma_avalon_dma_master_translator: "mm_interconnect_0" instantiated altera_merlin_master_translator "video_pixel_buffer_dma_avalon_dma_master_translator"
Info: onchip_memory2_0_s1_translator: "mm_interconnect_0" instantiated altera_merlin_slave_translator "onchip_memory2_0_s1_translator"
Info: video_pixel_buffer_dma_avalon_dma_master_agent: "mm_interconnect_0" instantiated altera_merlin_master_agent "video_pixel_buffer_dma_avalon_dma_master_agent"
Info: onchip_memory2_0_s1_agent: "mm_interconnect_0" instantiated altera_merlin_slave_agent "onchip_memory2_0_s1_agent"
Info: onchip_memory2_0_s1_agent_rsp_fifo: "mm_interconnect_0" instantiated altera_avalon_sc_fifo "onchip_memory2_0_s1_agent_rsp_fifo"
Info: router: "mm_interconnect_0" instantiated altera_merlin_router "router"
Info: router_001: "mm_interconnect_0" instantiated altera_merlin_router "router_001"
Info: router_002: "mm_interconnect_0" instantiated altera_merlin_router "router_002"
Info: router_003: "mm_interconnect_0" instantiated altera_merlin_router "router_003"
Info: router_004: "mm_interconnect_0" instantiated altera_merlin_router "router_004"
Info: router_005: "mm_interconnect_0" instantiated altera_merlin_router "router_005"
Info: router_007: "mm_interconnect_0" instantiated altera_merlin_router "router_007"
Info: router_020: "mm_interconnect_0" instantiated altera_merlin_router "router_020"
Info: video_pixel_buffer_dma_avalon_dma_master_limiter: "mm_interconnect_0" instantiated altera_merlin_traffic_limiter "video_pixel_buffer_dma_avalon_dma_master_limiter"
Info: Reusing file C:/Users/iioanno/Documents/SISTEMAS_INTEGRADOS_DIGITALES/DE1_SoC_Media_Computer/nios_system/synthesis/submodules/altera_avalon_sc_fifo.v
Info: onchip_memory2_0_s1_burst_adapter: "mm_interconnect_0" instantiated altera_merlin_burst_adapter "onchip_memory2_0_s1_burst_adapter"
Info: Reusing file C:/Users/iioanno/Documents/SISTEMAS_INTEGRADOS_DIGITALES/DE1_SoC_Media_Computer/nios_system/synthesis/submodules/altera_avalon_st_pipeline_base.v
Info: cmd_demux: "mm_interconnect_0" instantiated altera_merlin_demultiplexer "cmd_demux"
Info: cmd_demux_001: "mm_interconnect_0" instantiated altera_merlin_demultiplexer "cmd_demux_001"
Info: cmd_demux_002: "mm_interconnect_0" instantiated altera_merlin_demultiplexer "cmd_demux_002"
Info: cmd_mux: "mm_interconnect_0" instantiated altera_merlin_multiplexer "cmd_mux"
Info: cmd_mux_001: "mm_interconnect_0" instantiated altera_merlin_multiplexer "cmd_mux_001"
Info: Reusing file C:/Users/iioanno/Documents/SISTEMAS_INTEGRADOS_DIGITALES/DE1_SoC_Media_Computer/nios_system/synthesis/submodules/altera_merlin_arbitrator.sv
Info: cmd_mux_002: "mm_interconnect_0" instantiated altera_merlin_multiplexer "cmd_mux_002"
Info: Reusing file C:/Users/iioanno/Documents/SISTEMAS_INTEGRADOS_DIGITALES/DE1_SoC_Media_Computer/nios_system/synthesis/submodules/altera_merlin_arbitrator.sv
Info: cmd_mux_004: "mm_interconnect_0" instantiated altera_merlin_multiplexer "cmd_mux_004"
Info: Reusing file C:/Users/iioanno/Documents/SISTEMAS_INTEGRADOS_DIGITALES/DE1_SoC_Media_Computer/nios_system/synthesis/submodules/altera_merlin_arbitrator.sv
Info: cmd_mux_017: "mm_interconnect_0" instantiated altera_merlin_multiplexer "cmd_mux_017"
Info: Reusing file C:/Users/iioanno/Documents/SISTEMAS_INTEGRADOS_DIGITALES/DE1_SoC_Media_Computer/nios_system/synthesis/submodules/altera_merlin_arbitrator.sv
Info: rsp_demux: "mm_interconnect_0" instantiated altera_merlin_demultiplexer "rsp_demux"
Info: rsp_demux_001: "mm_interconnect_0" instantiated altera_merlin_demultiplexer "rsp_demux_001"
Info: rsp_demux_002: "mm_interconnect_0" instantiated altera_merlin_demultiplexer "rsp_demux_002"
Info: rsp_demux_004: "mm_interconnect_0" instantiated altera_merlin_demultiplexer "rsp_demux_004"
Info: rsp_demux_017: "mm_interconnect_0" instantiated altera_merlin_demultiplexer "rsp_demux_017"
Info: rsp_mux: "mm_interconnect_0" instantiated altera_merlin_multiplexer "rsp_mux"
Info: Reusing file C:/Users/iioanno/Documents/SISTEMAS_INTEGRADOS_DIGITALES/DE1_SoC_Media_Computer/nios_system/synthesis/submodules/altera_merlin_arbitrator.sv
Info: rsp_mux_001: "mm_interconnect_0" instantiated altera_merlin_multiplexer "rsp_mux_001"
Info: Reusing file C:/Users/iioanno/Documents/SISTEMAS_INTEGRADOS_DIGITALES/DE1_SoC_Media_Computer/nios_system/synthesis/submodules/altera_merlin_arbitrator.sv
Info: rsp_mux_002: "mm_interconnect_0" instantiated altera_merlin_multiplexer "rsp_mux_002"
Info: Reusing file C:/Users/iioanno/Documents/SISTEMAS_INTEGRADOS_DIGITALES/DE1_SoC_Media_Computer/nios_system/synthesis/submodules/altera_merlin_arbitrator.sv
Info: cpu_data_master_to_onchip_memory2_0_s1_cmd_width_adapter: "mm_interconnect_0" instantiated altera_merlin_width_adapter "cpu_data_master_to_onchip_memory2_0_s1_cmd_width_adapter"
Info: Reusing file C:/Users/iioanno/Documents/SISTEMAS_INTEGRADOS_DIGITALES/DE1_SoC_Media_Computer/nios_system/synthesis/submodules/altera_merlin_address_alignment.sv
Info: Reusing file C:/Users/iioanno/Documents/SISTEMAS_INTEGRADOS_DIGITALES/DE1_SoC_Media_Computer/nios_system/synthesis/submodules/altera_merlin_burst_uncompressor.sv
Info: avalon_st_adapter: "mm_interconnect_0" instantiated altera_avalon_st_adapter "avalon_st_adapter"
Info: avalon_st_adapter_002: "mm_interconnect_0" instantiated altera_avalon_st_adapter "avalon_st_adapter_002"
Info: avalon_st_adapter_004: "mm_interconnect_0" instantiated altera_avalon_st_adapter "avalon_st_adapter_004"
Info: channel_adapter_0: "avalon_st_adapter" instantiated channel_adapter "channel_adapter_0"
Info: error_adapter_0: "avalon_st_adapter" instantiated error_adapter "error_adapter_0"
Info: error_adapter_0: "avalon_st_adapter_002" instantiated error_adapter "error_adapter_0"
Info: error_adapter_0: "avalon_st_adapter_004" instantiated error_adapter "error_adapter_0"
Info: nios_system: Done "nios_system" with 75 modules, 142 files
Info: qsys-generate succeeded.
Info: Finished: Create HDL design files for synthesis
